2025-09-08 15:52:41,508 ERROR [QT-WARNING] QPainter::begin: Paint device returned engine == 0, type: 3
2025-09-08 15:52:41,509 ERROR [QT-WARNING] QPainter::setCompositionMode: Painter not active
2025-09-08 15:52:41,509 ERROR [QT-WARNING] QPainter::fillRect: Painter not active
2025-09-08 15:52:41,509 ERROR [QT-WARNING] QPainter::setCompositionMode: Painter not active
2025-09-08 15:52:41,509 ERROR [QT-WARNING] QPainter::setBrush: Painter not active
2025-09-08 15:52:41,509 ERROR [QT-WARNING] QPainter::setPen: Painter not active
2025-09-08 15:52:41,509 ERROR [QT-WARNING] QPainter::drawRects: Painter not active
2025-09-08 15:52:41,509 ERROR [QT-WARNING] QPainter::setPen: Painter not active
2025-09-08 15:52:41,510 ERROR [QT-WARNING] QPainter::setFont: Painter not active
2025-09-08 15:52:41,510 ERROR [QT-WARNING] QPainter::setFont: Painter not active
2025-09-08 15:52:41,510 ERROR [QT-WARNING] QPainter::setBrush: Painter not active
2025-09-08 15:52:41,510 ERROR [QT-WARNING] QPainter::setPen: Painter not active
2025-09-08 15:52:41,510 ERROR [QT-WARNING] QPainter::setPen: Painter not active
2025-09-08 15:52:41,510 ERROR [QT-WARNING] QPainter::setBrush: Painter not active
2025-09-08 15:52:41,510 ERROR [QT-WARNING] QPainter::setPen: Painter not active
2025-09-08 15:52:41,510 ERROR [QT-WARNING] QPainter::setPen: Painter not active
2025-09-08 15:52:41,510 ERROR [QT-WARNING] QPainter::setBrush: Painter not active
2025-09-08 15:52:41,510 ERROR [QT-WARNING] QPainter::setPen: Painter not active
2025-09-08 15:52:41,511 ERROR [QT-WARNING] QPainter::setPen: Painter not active
2025-09-08 15:52:41,511 ERROR [QT-WARNING] QPainter::end: Painter not active, aborted
2025-09-08 17:19:48,793 ERROR [QT-WARNING] QPainter::begin: Paint device returned engine == 0, type: 3
2025-09-08 17:19:48,793 ERROR [QT-WARNING] QPainter::setCompositionMode: Painter not active
2025-09-08 17:19:48,793 ERROR [QT-WARNING] QPainter::fillRect: Painter not active
2025-09-08 17:19:48,793 ERROR [QT-WARNING] QPainter::setCompositionMode: Painter not active
2025-09-08 17:19:48,793 ERROR [QT-WARNING] QPainter::setBrush: Painter not active
2025-09-08 17:19:48,793 ERROR [QT-WARNING] QPainter::setPen: Painter not active
2025-09-08 17:19:48,794 ERROR [QT-WARNING] QPainter::drawRects: Painter not active
2025-09-08 17:19:48,794 ERROR [QT-WARNING] QPainter::setPen: Painter not active
2025-09-08 17:19:48,794 ERROR [QT-WARNING] QPainter::setFont: Painter not active
2025-09-08 17:19:48,794 ERROR [QT-WARNING] QPainter::setFont: Painter not active
2025-09-08 17:19:48,794 ERROR [QT-WARNING] QPainter::setBrush: Painter not active
2025-09-08 17:19:48,794 ERROR [QT-WARNING] QPainter::setPen: Painter not active
2025-09-08 17:19:48,794 ERROR [QT-WARNING] QPainter::setPen: Painter not active
2025-09-08 17:19:48,794 ERROR [QT-WARNING] QPainter::setBrush: Painter not active
2025-09-08 17:19:48,794 ERROR [QT-WARNING] QPainter::setPen: Painter not active
2025-09-08 17:19:48,794 ERROR [QT-WARNING] QPainter::setPen: Painter not active
2025-09-08 17:19:48,794 ERROR [QT-WARNING] QPainter::setBrush: Painter not active
2025-09-08 17:19:48,794 ERROR [QT-WARNING] QPainter::setPen: Painter not active
2025-09-08 17:19:48,794 ERROR [QT-WARNING] QPainter::setPen: Painter not active
2025-09-08 17:19:48,795 ERROR [QT-WARNING] QPainter::end: Painter not active, aborted
2025-09-08 17:23:19,490 ERROR [QT-WARNING] QPainter::begin: Paint device returned engine == 0, type: 3
2025-09-08 17:23:19,490 ERROR [QT-WARNING] QPainter::setCompositionMode: Painter not active
2025-09-08 17:23:19,490 ERROR [QT-WARNING] QPainter::fillRect: Painter not active
2025-09-08 17:23:19,490 ERROR [QT-WARNING] QPainter::setCompositionMode: Painter not active
2025-09-08 17:23:19,490 ERROR [QT-WARNING] QPainter::setBrush: Painter not active
2025-09-08 17:23:19,490 ERROR [QT-WARNING] QPainter::setPen: Painter not active
2025-09-08 17:23:19,490 ERROR [QT-WARNING] QPainter::drawRects: Painter not active
2025-09-08 17:23:19,490 ERROR [QT-WARNING] QPainter::setPen: Painter not active
2025-09-08 17:23:19,490 ERROR [QT-WARNING] QPainter::setFont: Painter not active
2025-09-08 17:23:19,490 ERROR [QT-WARNING] QPainter::setFont: Painter not active
2025-09-08 17:23:19,490 ERROR [QT-WARNING] QPainter::setBrush: Painter not active
2025-09-08 17:23:19,490 ERROR [QT-WARNING] QPainter::setPen: Painter not active
2025-09-08 17:23:19,490 ERROR [QT-WARNING] QPainter::setPen: Painter not active
2025-09-08 17:23:19,491 ERROR [QT-WARNING] QPainter::setBrush: Painter not active
2025-09-08 17:23:19,491 ERROR [QT-WARNING] QPainter::setPen: Painter not active
2025-09-08 17:23:19,491 ERROR [QT-WARNING] QPainter::setPen: Painter not active
2025-09-08 17:23:19,491 ERROR [QT-WARNING] QPainter::setBrush: Painter not active
2025-09-08 17:23:19,491 ERROR [QT-WARNING] QPainter::setPen: Painter not active
2025-09-08 17:23:19,491 ERROR [QT-WARNING] QPainter::setPen: Painter not active
2025-09-08 17:23:19,491 ERROR [QT-WARNING] QPainter::end: Painter not active, aborted
2025-09-08 17:23:39,154 ERROR [QT-WARNING] QPainter::begin: Paint device returned engine == 0, type: 3
2025-09-08 17:23:39,154 ERROR [QT-WARNING] QPainter::setCompositionMode: Painter not active
2025-09-08 17:23:39,155 ERROR [QT-WARNING] QPainter::fillRect: Painter not active
2025-09-08 17:23:39,155 ERROR [QT-WARNING] QPainter::setCompositionMode: Painter not active
2025-09-08 17:23:39,155 ERROR [QT-WARNING] QPainter::setBrush: Painter not active
2025-09-08 17:23:39,155 ERROR [QT-WARNING] QPainter::setPen: Painter not active
2025-09-08 17:23:39,155 ERROR [QT-WARNING] QPainter::drawRects: Painter not active
2025-09-08 17:23:39,155 ERROR [QT-WARNING] QPainter::setPen: Painter not active
2025-09-08 17:23:39,155 ERROR [QT-WARNING] QPainter::setFont: Painter not active
2025-09-08 17:23:39,155 ERROR [QT-WARNING] QPainter::setFont: Painter not active
2025-09-08 17:23:39,155 ERROR [QT-WARNING] QPainter::setBrush: Painter not active
2025-09-08 17:23:39,155 ERROR [QT-WARNING] QPainter::setPen: Painter not active
2025-09-08 17:23:39,155 ERROR [QT-WARNING] QPainter::setPen: Painter not active
2025-09-08 17:23:39,155 ERROR [QT-WARNING] QPainter::setBrush: Painter not active
2025-09-08 17:23:39,155 ERROR [QT-WARNING] QPainter::setPen: Painter not active
2025-09-08 17:23:39,155 ERROR [QT-WARNING] QPainter::setPen: Painter not active
2025-09-08 17:23:39,155 ERROR [QT-WARNING] QPainter::setBrush: Painter not active
2025-09-08 17:23:39,155 ERROR [QT-WARNING] QPainter::setPen: Painter not active
2025-09-08 17:23:39,156 ERROR [QT-WARNING] QPainter::setPen: Painter not active
2025-09-08 17:23:39,156 ERROR [QT-WARNING] QPainter::end: Painter not active, aborted
2025-09-08 17:27:24,481 ERROR [QT-WARNING] QPainter::begin: Paint device returned engine == 0, type: 3
2025-09-08 17:27:24,481 ERROR [QT-WARNING] QPainter::setCompositionMode: Painter not active
2025-09-08 17:27:24,481 ERROR [QT-WARNING] QPainter::fillRect: Painter not active
2025-09-08 17:27:24,481 ERROR [QT-WARNING] QPainter::setCompositionMode: Painter not active
2025-09-08 17:27:24,481 ERROR [QT-WARNING] QPainter::setBrush: Painter not active
2025-09-08 17:27:24,481 ERROR [QT-WARNING] QPainter::setPen: Painter not active
2025-09-08 17:27:24,481 ERROR [QT-WARNING] QPainter::drawRects: Painter not active
2025-09-08 17:27:24,482 ERROR [QT-WARNING] QPainter::setPen: Painter not active
2025-09-08 17:27:24,482 ERROR [QT-WARNING] QPainter::setFont: Painter not active
2025-09-08 17:27:24,482 ERROR [QT-WARNING] QPainter::setFont: Painter not active
2025-09-08 17:27:24,482 ERROR [QT-WARNING] QPainter::setBrush: Painter not active
2025-09-08 17:27:24,482 ERROR [QT-WARNING] QPainter::setPen: Painter not active
2025-09-08 17:27:24,482 ERROR [QT-WARNING] QPainter::setPen: Painter not active
2025-09-08 17:27:24,482 ERROR [QT-WARNING] QPainter::setBrush: Painter not active
2025-09-08 17:27:24,482 ERROR [QT-WARNING] QPainter::setPen: Painter not active
2025-09-08 17:27:24,482 ERROR [QT-WARNING] QPainter::setPen: Painter not active
2025-09-08 17:27:24,482 ERROR [QT-WARNING] QPainter::setBrush: Painter not active
2025-09-08 17:27:24,482 ERROR [QT-WARNING] QPainter::setPen: Painter not active
2025-09-08 17:27:24,482 ERROR [QT-WARNING] QPainter::setPen: Painter not active
2025-09-08 17:27:24,483 ERROR [QT-WARNING] QPainter::end: Painter not active, aborted
2025-09-08 17:30:40,963 ERROR [QT-WARNING] QPainter::begin: Paint device returned engine == 0, type: 3
2025-09-08 17:30:40,963 ERROR [QT-WARNING] QPainter::setCompositionMode: Painter not active
2025-09-08 17:30:40,964 ERROR [QT-WARNING] QPainter::fillRect: Painter not active
2025-09-08 17:30:40,964 ERROR [QT-WARNING] QPainter::setCompositionMode: Painter not active
2025-09-08 17:30:40,964 ERROR [QT-WARNING] QPainter::setBrush: Painter not active
2025-09-08 17:30:40,964 ERROR [QT-WARNING] QPainter::setPen: Painter not active
2025-09-08 17:30:40,964 ERROR [QT-WARNING] QPainter::drawRects: Painter not active
2025-09-08 17:30:40,964 ERROR [QT-WARNING] QPainter::setPen: Painter not active
2025-09-08 17:30:40,964 ERROR [QT-WARNING] QPainter::setFont: Painter not active
2025-09-08 17:30:40,964 ERROR [QT-WARNING] QPainter::setFont: Painter not active
2025-09-08 17:30:40,964 ERROR [QT-WARNING] QPainter::setBrush: Painter not active
2025-09-08 17:30:40,964 ERROR [QT-WARNING] QPainter::setPen: Painter not active
2025-09-08 17:30:40,964 ERROR [QT-WARNING] QPainter::setPen: Painter not active
2025-09-08 17:30:40,964 ERROR [QT-WARNING] QPainter::setBrush: Painter not active
2025-09-08 17:30:40,964 ERROR [QT-WARNING] QPainter::setPen: Painter not active
2025-09-08 17:30:40,965 ERROR [QT-WARNING] QPainter::setPen: Painter not active
2025-09-08 17:30:40,965 ERROR [QT-WARNING] QPainter::setBrush: Painter not active
2025-09-08 17:30:40,965 ERROR [QT-WARNING] QPainter::setPen: Painter not active
2025-09-08 17:30:40,965 ERROR [QT-WARNING] QPainter::setPen: Painter not active
2025-09-08 17:30:40,965 ERROR [QT-WARNING] QPainter::end: Painter not active, aborted
2025-09-08 17:44:00,001 ERROR Traceback (most recent call last):
  File "C:\Users\Desen2\AppData\Local\Programs\Python\Python313\Lib\idlelib\run.py", line 590, in runcode
    exec(code, self.locals)
    ~~~~^^^^^^^^^^^^^^^^^^^
  File "C:\Users\Desen2\Mega\Petek\Petek5_renklistesi_v2.py", line 491, in <module>
    w = MainApp(); w.show()
  File "C:\Users\Desen2\Mega\Petek\Petek5_renklistesi_v2.py", line 191, in __init__
    QtWidgets.QShortcut(QKeySequence("Ctrl+M"), self.renkLmt, activated=self.merge_selected_colors)
    ^^^^^^^^^^^^^^^^^^^
AttributeError: module 'PyQt6.QtWidgets' has no attribute 'QShortcut'

2025-09-08 17:45:21,116 ERROR Traceback (most recent call last):
  File "C:\Users\Desen2\AppData\Local\Programs\Python\Python313\Lib\idlelib\run.py", line 590, in runcode
    exec(code, self.locals)
    ~~~~^^^^^^^^^^^^^^^^^^^
  File "C:\Users\Desen2\Mega\Petek\Petek5_renklistesi_v2.py", line 491, in <module>
    w = MainApp(); w.show()
  File "C:\Users\Desen2\Mega\Petek\Petek5_renklistesi_v2.py", line 191, in __init__
    QtWidgets.QShortcut(QKeySequence("Ctrl+M"), self.renkLmt, activated=self.merge_selected_colors)
    ^^^^^^^^^^^^^^^^^^^
AttributeError: module 'PyQt6.QtWidgets' has no attribute 'QShortcut'

2025-09-08 17:54:45,256 ERROR [QT-WARNING] QPainter::begin: Paint device returned engine == 0, type: 3
2025-09-08 17:54:45,256 ERROR [QT-WARNING] QPainter::setCompositionMode: Painter not active
2025-09-08 17:54:45,256 ERROR [QT-WARNING] QPainter::fillRect: Painter not active
2025-09-08 17:54:45,256 ERROR [QT-WARNING] QPainter::setCompositionMode: Painter not active
2025-09-08 17:54:45,256 ERROR [QT-WARNING] QPainter::setBrush: Painter not active
2025-09-08 17:54:45,256 ERROR [QT-WARNING] QPainter::setPen: Painter not active
2025-09-08 17:54:45,256 ERROR [QT-WARNING] QPainter::drawRects: Painter not active
2025-09-08 17:54:45,257 ERROR [QT-WARNING] QPainter::setPen: Painter not active
2025-09-08 17:54:45,257 ERROR [QT-WARNING] QPainter::setFont: Painter not active
2025-09-08 17:54:45,257 ERROR [QT-WARNING] QPainter::setFont: Painter not active
2025-09-08 17:54:45,257 ERROR [QT-WARNING] QPainter::setBrush: Painter not active
2025-09-08 17:54:45,257 ERROR [QT-WARNING] QPainter::setPen: Painter not active
2025-09-08 17:54:45,257 ERROR [QT-WARNING] QPainter::setPen: Painter not active
2025-09-08 17:54:45,257 ERROR [QT-WARNING] QPainter::setBrush: Painter not active
2025-09-08 17:54:45,257 ERROR [QT-WARNING] QPainter::setPen: Painter not active
2025-09-08 17:54:45,257 ERROR [QT-WARNING] QPainter::setPen: Painter not active
2025-09-08 17:54:45,257 ERROR [QT-WARNING] QPainter::setBrush: Painter not active
2025-09-08 17:54:45,258 ERROR [QT-WARNING] QPainter::setPen: Painter not active
2025-09-08 17:54:45,258 ERROR [QT-WARNING] QPainter::setPen: Painter not active
2025-09-08 17:54:45,258 ERROR [QT-WARNING] QPainter::end: Painter not active, aborted
2025-09-10 14:37:33,275 ERROR [QT-WARNING] QPainter::begin: Paint device returned engine == 0, type: 3
2025-09-10 14:37:33,291 ERROR [QT-WARNING] QPainter::setCompositionMode: Painter not active
2025-09-10 14:37:33,291 ERROR [QT-WARNING] QPainter::fillRect: Painter not active
2025-09-10 14:37:33,291 ERROR [QT-WARNING] QPainter::setCompositionMode: Painter not active
2025-09-10 14:37:33,291 ERROR [QT-WARNING] QPainter::setBrush: Painter not active
2025-09-10 14:37:33,291 ERROR [QT-WARNING] QPainter::setPen: Painter not active
2025-09-10 14:37:33,291 ERROR [QT-WARNING] QPainter::drawRects: Painter not active
2025-09-10 14:37:33,292 ERROR [QT-WARNING] QPainter::setPen: Painter not active
2025-09-10 14:37:33,292 ERROR [QT-WARNING] QPainter::setFont: Painter not active
2025-09-10 14:37:33,292 ERROR [QT-WARNING] QPainter::setFont: Painter not active
2025-09-10 14:37:33,292 ERROR [QT-WARNING] QPainter::setBrush: Painter not active
2025-09-10 14:37:33,292 ERROR [QT-WARNING] QPainter::setPen: Painter not active
2025-09-10 14:37:33,292 ERROR [QT-WARNING] QPainter::setPen: Painter not active
2025-09-10 14:37:33,292 ERROR [QT-WARNING] QPainter::setBrush: Painter not active
2025-09-10 14:37:33,292 ERROR [QT-WARNING] QPainter::setPen: Painter not active
2025-09-10 14:37:33,292 ERROR [QT-WARNING] QPainter::setPen: Painter not active
2025-09-10 14:37:33,292 ERROR [QT-WARNING] QPainter::setBrush: Painter not active
2025-09-10 14:37:33,292 ERROR [QT-WARNING] QPainter::setPen: Painter not active
2025-09-10 14:37:33,292 ERROR [QT-WARNING] QPainter::setPen: Painter not active
2025-09-10 14:37:33,292 ERROR [QT-WARNING] QPainter::end: Painter not active, aborted
